Conversion run started at 2026-05-21 14:46:13
Working directory: /home/lucas/heimdall

================================================================================
[2026-05-21 14:46:44] rmd->docx
file: Rmd/examples/2_online_prediction/dfr_ecdd.Rmd
message: unused argument (target_feat = "serie")
call: dfr_ecdd(target_feat = "serie")
stack:
001: source("~/heimdall/Rmd/conversor.R", echo = TRUE)
002: withVisible(eval(ei, envir))
003: eval(ei, envir)
004: eval(ei, envir)
005: run_phase(texs, "rmd->docx", convert_rmd_docx)
006: tryCatch({     converter(input)     list(ok = TRUE, input = input, phase = phase, message = NULL) }, error = function(err) {     record_condition(phase, input, err)     list(ok = FALSE, input = input, phase = phase, message = conditionMessage(err)) })
007: tryCatchList(expr, classes, parentenv, handlers)
008: tryCatchOne(expr, names, parentenv, handlers[[1L]])
009: value[[3L]](cond)
010: record_condition(phase, input, err)

================================================================================
[2026-05-21 14:46:45] rmd->docx
file: Rmd/examples/2_online_prediction/dfr_kldist.Rmd
message: unused argument (target_feat = "serie")
call: dfr_kldist(target_feat = "serie")
stack:
001: source("~/heimdall/Rmd/conversor.R", echo = TRUE)
002: withVisible(eval(ei, envir))
003: eval(ei, envir)
004: eval(ei, envir)
005: run_phase(texs, "rmd->docx", convert_rmd_docx)
006: tryCatch({     converter(input)     list(ok = TRUE, input = input, phase = phase, message = NULL) }, error = function(err) {     record_condition(phase, input, err)     list(ok = FALSE, input = input, phase = phase, message = conditionMessage(err)) })
007: tryCatchList(expr, classes, parentenv, handlers)
008: tryCatchOne(expr, names, parentenv, handlers[[1L]])
009: value[[3L]](cond)
010: record_condition(phase, input, err)
