Conversion run started at 2026-05-05 13:33:54
Working directory: /home/lucas/heimdall

================================================================================
[2026-05-05 13:34:10] rmd->docx
file: Rmd/examples/2_online_prediction/dfr_cusum.Rmd
message: argument must be coercible to non-negative integer
call: seq_len(nrow(df))
stack:
001: source("~/heimdall/Rmd/conversor.R", echo = TRUE)
002: withVisible(eval(ei, envir))
003: eval(ei, envir)
004: eval(ei, envir)
005: run_phase(texs, "rmd->docx", convert_rmd_docx)
006: tryCatch({     converter(input)     list(ok = TRUE, input = input, phase = phase, message = NULL) }, error = function(err) {     record_condition(phase, input, err)     list(ok = FALSE, input = input, phase = phase, message = conditionMessage(err)) })
007: tryCatchList(expr, classes, parentenv, handlers)
008: tryCatchOne(expr, names, parentenv, handlers[[1L]])
009: value[[3L]](cond)
010: record_condition(phase, input, err)

================================================================================
[2026-05-05 13:34:10] rmd->docx
file: Rmd/examples/2_online_prediction/dfr_ddm.Rmd
message: argument must be coercible to non-negative integer
call: seq_len(nrow(df))
stack:
001: source("~/heimdall/Rmd/conversor.R", echo = TRUE)
002: withVisible(eval(ei, envir))
003: eval(ei, envir)
004: eval(ei, envir)
005: run_phase(texs, "rmd->docx", convert_rmd_docx)
006: tryCatch({     converter(input)     list(ok = TRUE, input = input, phase = phase, message = NULL) }, error = function(err) {     record_condition(phase, input, err)     list(ok = FALSE, input = input, phase = phase, message = conditionMessage(err)) })
007: tryCatchList(expr, classes, parentenv, handlers)
008: tryCatchOne(expr, names, parentenv, handlers[[1L]])
009: value[[3L]](cond)
010: record_condition(phase, input, err)

================================================================================
[2026-05-05 13:34:10] rmd->docx
file: Rmd/examples/2_online_prediction/dfr_eddm.Rmd
message: argument must be coercible to non-negative integer
call: seq_len(nrow(df))
stack:
001: source("~/heimdall/Rmd/conversor.R", echo = TRUE)
002: withVisible(eval(ei, envir))
003: eval(ei, envir)
004: eval(ei, envir)
005: run_phase(texs, "rmd->docx", convert_rmd_docx)
006: tryCatch({     converter(input)     list(ok = TRUE, input = input, phase = phase, message = NULL) }, error = function(err) {     record_condition(phase, input, err)     list(ok = FALSE, input = input, phase = phase, message = conditionMessage(err)) })
007: tryCatchList(expr, classes, parentenv, handlers)
008: tryCatchOne(expr, names, parentenv, handlers[[1L]])
009: value[[3L]](cond)
010: record_condition(phase, input, err)

================================================================================
[2026-05-05 13:34:10] rmd->docx
file: Rmd/examples/2_online_prediction/dfr_hddm.Rmd
message: argument must be coercible to non-negative integer
call: seq_len(nrow(df))
stack:
001: source("~/heimdall/Rmd/conversor.R", echo = TRUE)
002: withVisible(eval(ei, envir))
003: eval(ei, envir)
004: eval(ei, envir)
005: run_phase(texs, "rmd->docx", convert_rmd_docx)
006: tryCatch({     converter(input)     list(ok = TRUE, input = input, phase = phase, message = NULL) }, error = function(err) {     record_condition(phase, input, err)     list(ok = FALSE, input = input, phase = phase, message = conditionMessage(err)) })
007: tryCatchList(expr, classes, parentenv, handlers)
008: tryCatchOne(expr, names, parentenv, handlers[[1L]])
009: value[[3L]](cond)
010: record_condition(phase, input, err)
